Performing C SOURCE FILE Test CMAKE_HAVE_LIBC_PTHREAD failed with the following output:
Change Dir: /home/daniel-linix/Documents/Github-Desktop/srsRAN4G-with-STEEP/srsRAN_4G/build/CMakeFiles/CMakeTmp

Run Build Command(s):/usr/bin/make cmTC_5d959/fast && /usr/bin/make -f CMakeFiles/cmTC_5d959.dir/build.make CMakeFiles/cmTC_5d959.dir/build
make[1]: Entering directory '/mnt/storage/Documents/Github-Desktop/srsRAN4G-with-STEEP/srsRAN_4G/build/CMakeFiles/CMakeTmp'
Building C object CMakeFiles/cmTC_5d959.dir/src.c.o
/usr/bin/cc   -DCMAKE_HAVE_LIBC_PTHREAD   -o CMakeFiles/cmTC_5d959.dir/src.c.o   -c /home/daniel-linix/Documents/Github-Desktop/srsRAN4G-with-STEEP/srsRAN_4G/build/CMakeFiles/CMakeTmp/src.c
Linking C executable cmTC_5d959
/usr/bin/cmake -E cmake_link_script CMakeFiles/cmTC_5d959.dir/link.txt --verbose=1
/usr/bin/cc  -DCMAKE_HAVE_LIBC_PTHREAD    CMakeFiles/cmTC_5d959.dir/src.c.o  -o cmTC_5d959 
/usr/bin/ld: CMakeFiles/cmTC_5d959.dir/src.c.o: in function `main':
src.c:(.text+0x46): undefined reference to `pthread_create'
/usr/bin/ld: src.c:(.text+0x52): undefined reference to `pthread_detach'
/usr/bin/ld: src.c:(.text+0x63): undefined reference to `pthread_join'
collect2: error: ld returned 1 exit status
make[1]: *** [CMakeFiles/cmTC_5d959.dir/build.make:87: cmTC_5d959] Error 1
make[1]: Leaving directory '/mnt/storage/Documents/Github-Desktop/srsRAN4G-with-STEEP/srsRAN_4G/build/CMakeFiles/CMakeTmp'
make: *** [Makefile:121: cmTC_5d959/fast] Error 2


Source file was:
#include <pthread.h>

void* test_func(void* data)
{
  return data;
}

int main(void)
{
  pthread_t thread;
  pthread_create(&thread, NULL, test_func, NULL);
  pthread_detach(thread);
  pthread_join(thread, NULL);
  pthread_atfork(NULL, NULL, NULL);
  pthread_exit(NULL);

  return 0;
}

Determining if the function pthread_create exists in the pthreads failed with the following output:
Change Dir: /home/daniel-linix/Documents/Github-Desktop/srsRAN4G-with-STEEP/srsRAN_4G/build/CMakeFiles/CMakeTmp

Run Build Command(s):/usr/bin/make cmTC_7b1ad/fast && /usr/bin/make -f CMakeFiles/cmTC_7b1ad.dir/build.make CMakeFiles/cmTC_7b1ad.dir/build
make[1]: Entering directory '/mnt/storage/Documents/Github-Desktop/srsRAN4G-with-STEEP/srsRAN_4G/build/CMakeFiles/CMakeTmp'
Building C object CMakeFiles/cmTC_7b1ad.dir/CheckFunctionExists.c.o
/usr/bin/cc   -DCHECK_FUNCTION_EXISTS=pthread_create   -o CMakeFiles/cmTC_7b1ad.dir/CheckFunctionExists.c.o   -c /usr/share/cmake-3.16/Modules/CheckFunctionExists.c
Linking C executable cmTC_7b1ad
/usr/bin/cmake -E cmake_link_script CMakeFiles/cmTC_7b1ad.dir/link.txt --verbose=1
/usr/bin/cc  -DCHECK_FUNCTION_EXISTS=pthread_create    CMakeFiles/cmTC_7b1ad.dir/CheckFunctionExists.c.o  -o cmTC_7b1ad  -lpthreads 
/usr/bin/ld: cannot find -lpthreads
collect2: error: ld returned 1 exit status
make[1]: *** [CMakeFiles/cmTC_7b1ad.dir/build.make:87: cmTC_7b1ad] Error 1
make[1]: Leaving directory '/mnt/storage/Documents/Github-Desktop/srsRAN4G-with-STEEP/srsRAN_4G/build/CMakeFiles/CMakeTmp'
make: *** [Makefile:121: cmTC_7b1ad/fast] Error 2



Performing C SOURCE FILE Test HAVE_AVX512 failed with the following output:
Change Dir: /home/daniel-linix/Documents/Github-Desktop/srsRAN4G-with-STEEP/srsRAN_4G/build/CMakeFiles/CMakeTmp

Run Build Command(s):/usr/bin/make cmTC_a78e7/fast && /usr/bin/make -f CMakeFiles/cmTC_a78e7.dir/build.make CMakeFiles/cmTC_a78e7.dir/build
make[1]: Entering directory '/mnt/storage/Documents/Github-Desktop/srsRAN4G-with-STEEP/srsRAN_4G/build/CMakeFiles/CMakeTmp'
Building C object CMakeFiles/cmTC_a78e7.dir/src.c.o
/usr/bin/cc   -DHAVE_AVX512 -mavx512f -mavx512cd -mavx512bw -mavx512dq -DLV_HAVE_AVX512   -o CMakeFiles/cmTC_a78e7.dir/src.c.o   -c /home/daniel-linix/Documents/Github-Desktop/srsRAN4G-with-STEEP/srsRAN_4G/build/CMakeFiles/CMakeTmp/src.c
Linking C executable cmTC_a78e7
/usr/bin/cmake -E cmake_link_script CMakeFiles/cmTC_a78e7.dir/link.txt --verbose=1
/usr/bin/cc  -DHAVE_AVX512 -mavx512f -mavx512cd -mavx512bw -mavx512dq -DLV_HAVE_AVX512    CMakeFiles/cmTC_a78e7.dir/src.c.o  -o cmTC_a78e7 
make[1]: Leaving directory '/mnt/storage/Documents/Github-Desktop/srsRAN4G-with-STEEP/srsRAN_4G/build/CMakeFiles/CMakeTmp'


Return value: FAILED_TO_RUN
Source file was:

          #include <immintrin.h>
          int main()
          {
            __m512i a, b, c;
            const int src[16] = { 0x0, 0x1, 0x2, 0x3, 0x4, 0x5, 0x6, 0x7, 0x8 , 0x9, 0xA, 0xB, 0xC, 0xD, 0xE, 0xF};
            int dst[16];
            a =  _mm512_loadu_si512( (__m512i*)src );
            b =  _mm512_loadu_si512( (__m512i*)src );
            c = _mm512_add_epi32( a, b );
            _mm512_storeu_si512( (__m512i*)dst, c );
            int i = 0;
            for( i = 0; i < 16; i++ ){
              if( ( src[i] + src[i] ) != dst[i] ){
                return -1;
              }
            }
            return 0;
          }
